[0.014s][info][gc] Using G1
[0.836s][info][gc] GC(0) Pause Young (Normal) (G1 Evacuation Pause) 29M->17M(500M) 4.896ms
[1.890s][info][gc] GC(1) Pause Young (Normal) (G1 Evacuation Pause) 38M->20M(500M) 4.206ms
[2.397s][info][gc] GC(2) Pause Young (Concurrent Start) (CodeCache GC Threshold) 51M->23M(500M) 3.963ms
[2.397s][info][gc] GC(3) Concurrent Mark Cycle
[2.403s][info][gc] GC(3) Pause Remark 23M->23M(500M) 1.296ms
[2.405s][info][gc] GC(3) Pause Cleanup 23M->23M(500M) 0.126ms
[2.407s][info][gc] GC(3) Concurrent Mark Cycle 10.465ms
[3.119s][info][gc] GC(4) Pause Young (Prepare Mixed) (Metadata GC Threshold) 89M->25M(500M) 5.736ms
[3.148s][info][gc] GC(5) Pause Young (Mixed) (Metadata GC Threshold) 27M->25M(500M) 3.571ms
[3.172s][info][gc] GC(6) Pause Young (Concurrent Start) (Metadata GC Threshold) 27M->26M(500M) 3.686ms
[3.172s][info][gc] GC(7) Concurrent Mark Cycle
[3.183s][info][gc] GC(7) Pause Remark 27M->27M(500M) 1.738ms
[3.187s][info][gc] GC(7) Pause Cleanup 27M->27M(500M) 0.121ms
[3.188s][info][gc] GC(7) Concurrent Mark Cycle 16.625ms
[4.739s][info][gc] GC(8) Pause Young (Prepare Mixed) (Metadata GC Threshold) 126M->31M(500M) 8.559ms
[4.772s][info][gc] GC(9) Pause Young (Mixed) (Metadata GC Threshold) 35M->31M(500M) 6.403ms
[4.790s][info][gc] GC(10) Pause Young (Concurrent Start) (Metadata GC Threshold) 33M->31M(500M) 5.868ms
[4.791s][info][gc] GC(11) Concurrent Mark Cycle
[4.813s][info][gc] GC(11) Pause Remark 33M->33M(500M) 2.232ms
[4.817s][info][gc] GC(11) Pause Cleanup 33M->33M(500M) 0.086ms
[4.818s][info][gc] GC(11) Concurrent Mark Cycle 27.416ms
[9.488s][info][gc] GC(12) Pause Young (Prepare Mixed) (G1 Evacuation Pause) 319M->49M(500M) 16.810ms
[9.594s][info][gc] GC(13) Pause Young (Mixed) (Metadata GC Threshold) 55M->50M(500M) 15.105ms
[9.626s][info][gc] GC(14) Pause Young (Concurrent Start) (Metadata GC Threshold) 51M->49M(500M) 7.759ms
[9.626s][info][gc] GC(15) Concurrent Mark Cycle
[9.652s][info][gc] GC(15) Pause Remark 50M->50M(500M) 4.835ms
[9.659s][info][gc] GC(15) Pause Cleanup 51M->51M(500M) 0.105ms
[9.661s][info][gc] GC(15) Concurrent Mark Cycle 34.317ms
[15.505s][info][gc] GC(16) Pause Young (Prepare Mixed) (G1 Evacuation Pause) 330M->62M(500M) 20.520ms
[28.290s][info][gc] GC(17) Pause Young (Mixed) (G1 Evacuation Pause) 341M->109M(500M) 47.819ms
[29.695s][info][gc] GC(18) Pause Young (Concurrent Start) (CodeCache GC Threshold) 128M->115M(500M) 24.751ms
[29.695s][info][gc] GC(19) Concurrent Mark Cycle
[29.755s][info][gc] GC(19) Pause Remark 116M->106M(500M) 9.055ms
[29.781s][info][gc] GC(19) Pause Cleanup 106M->106M(500M) 0.205ms
[29.782s][info][gc] GC(19) Concurrent Mark Cycle 86.517ms
[33.673s][info][gc] GC(20) Pause Young (Prepare Mixed) (G1 Evacuation Pause) 400M->122M(500M) 20.163ms
[36.553s][info][gc] GC(21) Pause Young (Mixed) (G1 Evacuation Pause) 401M->133M(500M) 24.123ms
[45.117s][info][gc] GC(22) Pause Young (Concurrent Start) (CodeCache GC Threshold) 174M->134M(500M) 16.360ms
[45.118s][info][gc] GC(23) Concurrent Mark Cycle
[45.207s][info][gc] GC(23) Pause Remark 140M->138M(500M) 5.780ms
[45.240s][info][gc] GC(23) Pause Cleanup 139M->139M(500M) 0.130ms
[45.242s][info][gc] GC(23) Concurrent Mark Cycle 124.362ms
[212.899s][info][gc] GC(24) Pause Young (Concurrent Start) (CodeCache GC Threshold) 286M->141M(500M) 15.781ms
[212.899s][info][gc] GC(25) Concurrent Mark Cycle
[212.973s][info][gc] GC(25) Pause Remark 142M->142M(500M) 7.921ms
[213.011s][info][gc] GC(25) Pause Cleanup 142M->142M(500M) 0.240ms
[213.012s][info][gc] GC(25) Concurrent Mark Cycle 113.206ms
[671.155s][info][gc] GC(26) Pause Young (Concurrent Start) (CodeCache GC Threshold) 212M->143M(500M) 17.665ms
[671.156s][info][gc] GC(27) Concurrent Mark Cycle
[671.257s][info][gc] GC(27) Pause Remark 152M->152M(500M) 16.080ms
[671.322s][info][gc] GC(27) Pause Cleanup 168M->168M(500M) 0.139ms
[671.323s][info][gc] GC(27) Concurrent Mark Cycle 167.603ms
[1315.501s][info][gc] GC(28) Pause Young (Prepare Mixed) (G1 Evacuation Pause) 429M->142M(500M) 10.020ms
[1373.021s][info][gc] GC(29) Pause Young (Mixed) (G1 Evacuation Pause) 429M->135M(500M) 8.190ms
