[0.080s][info][gc] Using G1
[1.378s][info][gc] GC(0) Pause Young (Normal) (G1 Evacuation Pause) 29M->17M(500M) 5.685ms
[2.712s][info][gc] GC(1) Pause Young (Normal) (G1 Evacuation Pause) 38M->21M(500M) 6.201ms
[3.263s][info][gc] GC(2) Pause Young (Concurrent Start) (CodeCache GC Threshold) 51M->23M(500M) 3.646ms
[3.263s][info][gc] GC(3) Concurrent Mark Cycle
[3.269s][info][gc] GC(3) Pause Remark 23M->23M(500M) 1.326ms
[3.272s][info][gc] GC(3) Pause Cleanup 23M->23M(500M) 0.081ms
[3.274s][info][gc] GC(3) Concurrent Mark Cycle 10.301ms
[3.941s][info][gc] GC(4) Pause Young (Prepare Mixed) (Metadata GC Threshold) 90M->26M(500M) 4.250ms
[3.961s][info][gc] GC(5) Pause Young (Mixed) (Metadata GC Threshold) 28M->25M(500M) 3.162ms
[3.981s][info][gc] GC(6) Pause Young (Concurrent Start) (Metadata GC Threshold) 27M->26M(500M) 2.974ms
[3.981s][info][gc] GC(7) Concurrent Mark Cycle
[3.989s][info][gc] GC(7) Pause Remark 27M->27M(500M) 1.270ms
[3.991s][info][gc] GC(7) Pause Cleanup 27M->27M(500M) 0.093ms
[3.992s][info][gc] GC(7) Concurrent Mark Cycle 11.133ms
[5.513s][info][gc] GC(8) Pause Young (Prepare Mixed) (Metadata GC Threshold) 126M->31M(500M) 7.925ms
[5.537s][info][gc] GC(9) Pause Young (Mixed) (Metadata GC Threshold) 35M->32M(500M) 6.276ms
[5.556s][info][gc] GC(10) Pause Young (Concurrent Start) (Metadata GC Threshold) 34M->32M(500M) 5.970ms
[5.556s][info][gc] GC(11) Concurrent Mark Cycle
[5.568s][info][gc] GC(11) Pause Remark 33M->33M(500M) 2.234ms
[5.571s][info][gc] GC(11) Pause Cleanup 33M->33M(500M) 0.099ms
[5.572s][info][gc] GC(11) Concurrent Mark Cycle 16.650ms
[10.050s][info][gc] GC(12) Pause Young (Prepare Mixed) (G1 Evacuation Pause) 320M->48M(500M) 16.398ms
[10.171s][info][gc] GC(13) Pause Young (Mixed) (Metadata GC Threshold) 56M->49M(500M) 12.137ms
[10.224s][info][gc] GC(14) Pause Young (Concurrent Start) (Metadata GC Threshold) 52M->49M(500M) 8.623ms
[10.224s][info][gc] GC(15) Concurrent Mark Cycle
[10.246s][info][gc] GC(15) Pause Remark 50M->50M(500M) 4.210ms
[10.251s][info][gc] GC(15) Pause Cleanup 51M->51M(500M) 0.198ms
[10.252s][info][gc] GC(15) Concurrent Mark Cycle 28.040ms
[15.822s][info][gc] GC(16) Pause Young (Prepare Mixed) (G1 Evacuation Pause) 330M->63M(500M) 23.902ms
[28.684s][info][gc] GC(17) Pause Young (Mixed) (G1 Evacuation Pause) 342M->110M(500M) 49.688ms
[30.279s][info][gc] GC(18) Pause Young (Concurrent Start) (CodeCache GC Threshold) 130M->117M(500M) 32.400ms
[30.279s][info][gc] GC(19) Concurrent Mark Cycle
[30.360s][info][gc] GC(19) Pause Remark 118M->108M(500M) 7.192ms
[30.400s][info][gc] GC(19) Pause Cleanup 108M->108M(500M) 0.164ms
[30.402s][info][gc] GC(19) Concurrent Mark Cycle 122.644ms
[34.711s][info][gc] GC(20) Pause Young (Prepare Mixed) (G1 Evacuation Pause) 402M->122M(500M) 16.919ms
[38.886s][info][gc] GC(21) Pause Young (Mixed) (G1 Evacuation Pause) 402M->134M(500M) 25.971ms
[56.092s][info][gc] GC(22) Pause Young (Concurrent Start) (CodeCache GC Threshold) 224M->137M(500M) 20.566ms
[56.092s][info][gc] GC(23) Concurrent Mark Cycle
[56.187s][info][gc] GC(23) Pause Remark 144M->143M(500M) 5.583ms
[56.232s][info][gc] GC(23) Pause Cleanup 143M->143M(500M) 0.147ms
[56.233s][info][gc] GC(23) Concurrent Mark Cycle 141.460ms
[217.288s][info][gc] GC(24) Pause Young (Concurrent Start) (CodeCache GC Threshold) 177M->138M(500M) 10.293ms
[217.288s][info][gc] GC(25) Concurrent Mark Cycle
[217.365s][info][gc] GC(25) Pause Remark 140M->140M(500M) 6.449ms
[217.403s][info][gc] GC(25) Pause Cleanup 140M->140M(500M) 0.155ms
[217.404s][info][gc] GC(25) Concurrent Mark Cycle 115.960ms
[3356.787s][info][gc] GC(26) Pause Young (Prepare Mixed) (G1 Evacuation Pause) 417M->141M(500M) 63.264ms
[3868.019s][info][gc] GC(27) Pause Young (Concurrent Start) (CodeCache GC Threshold) 258M->145M(500M) 33.399ms
[3868.020s][info][gc] GC(28) Concurrent Mark Cycle
[3868.448s][info][gc] GC(28) Pause Remark 146M->146M(500M) 230.075ms
[3868.510s][info][gc] GC(28) Pause Cleanup 147M->147M(500M) 0.649ms
[3868.512s][info][gc] GC(28) Concurrent Mark Cycle 492.525ms
