[0.019s][info][gc] Using G1
[0.959s][info][gc] GC(0) Pause Young (Normal) (G1 Evacuation Pause) 29M->17M(500M) 6.284ms
[1.668s][info][gc] GC(1) Pause Young (Normal) (G1 Evacuation Pause) 38M->21M(500M) 4.433ms
[2.230s][info][gc] GC(2) Pause Young (Concurrent Start) (CodeCache GC Threshold) 51M->23M(500M) 4.010ms
[2.230s][info][gc] GC(3) Concurrent Mark Cycle
[2.236s][info][gc] GC(3) Pause Remark 24M->24M(500M) 1.082ms
[2.238s][info][gc] GC(3) Pause Cleanup 24M->24M(500M) 0.119ms
[2.241s][info][gc] GC(3) Concurrent Mark Cycle 11.085ms
[3.416s][info][gc] GC(4) Pause Young (Prepare Mixed) (Metadata GC Threshold) 93M->26M(500M) 5.811ms
[3.458s][info][gc] GC(5) Pause Young (Mixed) (Metadata GC Threshold) 28M->26M(500M) 4.958ms
[3.489s][info][gc] GC(6) Pause Young (Concurrent Start) (Metadata GC Threshold) 28M->26M(500M) 4.044ms
[3.489s][info][gc] GC(7) Concurrent Mark Cycle
[3.501s][info][gc] GC(7) Pause Remark 27M->27M(500M) 1.660ms
[3.503s][info][gc] GC(7) Pause Cleanup 27M->27M(500M) 0.075ms
[3.504s][info][gc] GC(7) Concurrent Mark Cycle 15.180ms
[5.387s][info][gc] GC(8) Pause Young (Concurrent Start) (Metadata GC Threshold) 131M->32M(500M) 8.687ms
[5.387s][info][gc] GC(9) Concurrent Mark Cycle
[5.398s][info][gc] GC(9) Pause Remark 34M->34M(500M) 2.480ms
[5.405s][info][gc] GC(9) Pause Cleanup 34M->34M(500M) 0.098ms
[5.406s][info][gc] GC(9) Concurrent Mark Cycle 18.936ms
[9.817s][info][gc] GC(10) Pause Young (Normal) (G1 Evacuation Pause) 320M->48M(500M) 17.024ms
[10.028s][info][gc] GC(11) Pause Young (Concurrent Start) (Metadata GC Threshold) 61M->50M(500M) 13.362ms
[10.028s][info][gc] GC(12) Concurrent Mark Cycle
[10.052s][info][gc] GC(12) Pause Remark 52M->52M(500M) 5.225ms
[10.058s][info][gc] GC(12) Pause Cleanup 52M->52M(500M) 0.113ms
[10.059s][info][gc] GC(12) Concurrent Mark Cycle 30.948ms
[16.750s][info][gc] GC(13) Pause Young (Normal) (G1 Evacuation Pause) 331M->64M(500M) 19.399ms
[29.383s][info][gc] GC(14) Pause Young (Concurrent Start) (CodeCache GC Threshold) 329M->111M(500M) 42.824ms
[29.383s][info][gc] GC(15) Concurrent Mark Cycle
[29.428s][info][gc] GC(15) Pause Remark 117M->107M(500M) 4.571ms
[29.454s][info][gc] GC(15) Pause Cleanup 107M->107M(500M) 0.104ms
[29.455s][info][gc] GC(15) Concurrent Mark Cycle 72.450ms
[35.258s][info][gc] GC(16) Pause Young (Prepare Mixed) (G1 Evacuation Pause) 363M->115M(500M) 35.749ms
[38.128s][info][gc] GC(17) Pause Young (Mixed) (G1 Evacuation Pause) 397M->133M(500M) 23.464ms
[40.366s][info][gc] GC(18) Pause Young (Concurrent Start) (CodeCache GC Threshold) 224M->136M(500M) 24.491ms
[40.367s][info][gc] GC(19) Concurrent Mark Cycle
[40.453s][info][gc] GC(19) Pause Remark 137M->137M(500M) 8.760ms
[40.486s][info][gc] GC(19) Pause Cleanup 137M->137M(500M) 0.232ms
[40.487s][info][gc] GC(19) Concurrent Mark Cycle 120.412ms
[155.294s][info][gc] GC(20) Pause Young (Concurrent Start) (CodeCache GC Threshold) 256M->140M(500M) 13.835ms
[155.294s][info][gc] GC(21) Concurrent Mark Cycle
[155.360s][info][gc] GC(21) Pause Remark 141M->141M(500M) 9.757ms
[155.387s][info][gc] GC(21) Pause Cleanup 142M->142M(500M) 0.272ms
[155.388s][info][gc] GC(21) Concurrent Mark Cycle 93.327ms
[442.523s][info][gc] GC(22) Pause Young (Concurrent Start) (CodeCache GC Threshold) 243M->146M(500M) 14.306ms
[442.523s][info][gc] GC(23) Concurrent Mark Cycle
[442.626s][info][gc] GC(23) Pause Remark 148M->148M(500M) 25.173ms
[442.686s][info][gc] GC(23) Pause Cleanup 148M->148M(500M) 0.165ms
[442.687s][info][gc] GC(23) Concurrent Mark Cycle 163.474ms
[3103.074s][info][gc] GC(24) Pause Young (Prepare Mixed) (G1 Evacuation Pause) 429M->147M(500M) 22.505ms
[6001.098s][info][gc] GC(25) Pause Young (Mixed) (G1 Evacuation Pause) 429M->138M(500M) 35.656ms
[9001.185s][info][gc] GC(26) Pause Young (Normal) (G1 Evacuation Pause) 422M->138M(500M) 54.360ms
