[0.030s][info][gc] Using G1
[1.129s][info][gc] GC(0) Pause Young (Normal) (G1 Evacuation Pause) 29M->17M(500M) 7.073ms
[2.030s][info][gc] GC(1) Pause Young (Normal) (G1 Evacuation Pause) 38M->20M(500M) 4.900ms
[2.559s][info][gc] GC(2) Pause Young (Concurrent Start) (CodeCache GC Threshold) 51M->23M(500M) 4.606ms
[2.559s][info][gc] GC(3) Concurrent Mark Cycle
[2.567s][info][gc] GC(3) Pause Remark 23M->23M(500M) 1.895ms
[2.570s][info][gc] GC(3) Pause Cleanup 23M->23M(500M) 0.185ms
[2.573s][info][gc] GC(3) Concurrent Mark Cycle 13.396ms
[3.296s][info][gc] GC(4) Pause Young (Prepare Mixed) (Metadata GC Threshold) 90M->26M(500M) 4.474ms
[3.318s][info][gc] GC(5) Pause Young (Mixed) (Metadata GC Threshold) 28M->26M(500M) 3.071ms
[3.338s][info][gc] GC(6) Pause Young (Concurrent Start) (Metadata GC Threshold) 28M->25M(500M) 3.709ms
[3.338s][info][gc] GC(7) Concurrent Mark Cycle
[3.349s][info][gc] GC(7) Pause Remark 26M->26M(500M) 1.646ms
[3.352s][info][gc] GC(7) Pause Cleanup 27M->27M(500M) 0.110ms
[3.353s][info][gc] GC(7) Concurrent Mark Cycle 14.865ms
[5.045s][info][gc] GC(8) Pause Young (Prepare Mixed) (Metadata GC Threshold) 126M->31M(500M) 8.099ms
[5.065s][info][gc] GC(9) Pause Young (Mixed) (Metadata GC Threshold) 35M->31M(500M) 6.722ms
[5.081s][info][gc] GC(10) Pause Young (Concurrent Start) (Metadata GC Threshold) 33M->32M(500M) 5.446ms
[5.082s][info][gc] GC(11) Concurrent Mark Cycle
[5.093s][info][gc] GC(11) Pause Remark 33M->33M(500M) 2.685ms
[5.096s][info][gc] GC(11) Pause Cleanup 33M->33M(500M) 0.154ms
[5.097s][info][gc] GC(11) Concurrent Mark Cycle 15.103ms
[9.331s][info][gc] GC(12) Pause Young (Prepare Mixed) (G1 Evacuation Pause) 320M->48M(500M) 15.826ms
[9.422s][info][gc] GC(13) Pause Young (Mixed) (Metadata GC Threshold) 53M->49M(500M) 12.558ms
[9.468s][info][gc] GC(14) Pause Young (Concurrent Start) (Metadata GC Threshold) 53M->49M(500M) 8.827ms
[9.468s][info][gc] GC(15) Concurrent Mark Cycle
[9.498s][info][gc] GC(15) Pause Remark 51M->51M(500M) 4.984ms
[9.503s][info][gc] GC(15) Pause Cleanup 51M->51M(500M) 0.177ms
[9.504s][info][gc] GC(15) Concurrent Mark Cycle 36.567ms
[14.443s][info][gc] GC(16) Pause Young (Prepare Mixed) (G1 Evacuation Pause) 330M->62M(500M) 25.418ms
[27.817s][info][gc] GC(17) Pause Young (Mixed) (G1 Evacuation Pause) 341M->109M(500M) 39.961ms
[29.172s][info][gc] GC(18) Pause Young (Concurrent Start) (CodeCache GC Threshold) 131M->116M(500M) 25.235ms
[29.172s][info][gc] GC(19) Concurrent Mark Cycle
[29.231s][info][gc] GC(19) Pause Remark 117M->107M(500M) 5.740ms
[29.255s][info][gc] GC(19) Pause Cleanup 107M->107M(500M) 0.136ms
[29.256s][info][gc] GC(19) Concurrent Mark Cycle 84.370ms
[32.875s][info][gc] GC(20) Pause Young (Prepare Mixed) (G1 Evacuation Pause) 401M->121M(500M) 15.378ms
[35.107s][info][gc] GC(21) Pause Young (Mixed) (G1 Evacuation Pause) 401M->135M(500M) 22.823ms
[43.411s][info][gc] GC(22) Pause Young (Concurrent Start) (CodeCache GC Threshold) 176M->136M(500M) 15.030ms
[43.411s][info][gc] GC(23) Concurrent Mark Cycle
[43.513s][info][gc] GC(23) Pause Remark 142M->142M(500M) 5.542ms
[43.550s][info][gc] GC(23) Pause Cleanup 142M->142M(500M) 0.261ms
[43.552s][info][gc] GC(23) Concurrent Mark Cycle 140.984ms
[320.012s][info][gc] GC(24) Pause Young (Concurrent Start) (CodeCache GC Threshold) 239M->139M(500M) 14.525ms
[320.012s][info][gc] GC(25) Concurrent Mark Cycle
[320.087s][info][gc] GC(25) Pause Remark 141M->141M(500M) 7.564ms
[320.114s][info][gc] GC(25) Pause Cleanup 141M->141M(500M) 0.267ms
[320.115s][info][gc] GC(25) Concurrent Mark Cycle 102.283ms
[1048.897s][info][gc] GC(26) Pause Young (Prepare Mixed) (G1 Evacuation Pause) 422M->146M(500M) 13.789ms
[1220.893s][info][gc] GC(27) Pause Young (Concurrent Start) (CodeCache GC Threshold) 208M->143M(500M) 11.987ms
[1220.893s][info][gc] GC(28) Concurrent Mark Cycle
[1220.990s][info][gc] GC(28) Pause Remark 144M->144M(500M) 26.488ms
[1221.037s][info][gc] GC(28) Pause Cleanup 144M->144M(500M) 0.264ms
[1221.038s][info][gc] GC(28) Concurrent Mark Cycle 145.283ms
[2083.859s][info][gc] GC(29) Pause Young (Prepare Mixed) (G1 Evacuation Pause) 433M->145M(500M) 17.775ms
